// Jest Snapshot v1, https://goo.gl/fbAQLP

exports[`containers/PanelCardBody Componentが正しく配置されている 1`] = `
ShallowWrapper {
  Symbol(enzyme.__root__): [Circular],
  Symbol(enzyme.__unrendered__): <PanelCardBody
    intl={
      Object {
        "defaultFormats": Object {},
        "defaultLocale": "en",
        "formatDate": [Function],
        "formatHTMLMessage": [Function],
        "formatMessage": [Function],
        "formatNumber": [Function],
        "formatPlural": [Function],
        "formatRelative": [Function],
        "formatTime": [Function],
        "formats": Object {},
        "formatters": Object {
          "getDateTimeFormat": [Function],
          "getMessageFormat": [Function],
          "getNumberFormat": [Function],
          "getPluralFormat": [Function],
          "getRelativeFormat": [Function],
        },
        "locale": "en",
        "messages": Object {
          "abstract.kyTea": "京都テキスト解析ツールキット",
          "candidate": "候補{no}",
          "description.input": "日本語の文章を入力し、予測ボタンをクリックしてください。",
          "description.kyTea": "日本語の文章中に存在する各単語の品詞や読みを予測するシステムです。",
          "description.result": "単語を選択すると、その単語の品詞や読みが表示されます。",
          "errorMessage.default": "エラーが発生しました: {message}",
          "errorMessage.predict": "予測中にエラーが発生しました: {message}",
          "header.candidate": "候補",
          "header.margin": "SVM平面からのマージン (読み)",
          "header.pos": "品詞",
          "header.pronunciation": "読み",
          "header.word": "単語",
          "predict": "予測",
          "title.description": "概要",
          "title.input": "入力",
          "title.result": "結果",
          "unknown": "(予測不能)",
        },
        "now": [Function],
        "onError": [Function],
        "textComponent": "span",
        "timeZone": null,
      }
    }
    messageId="description.input"
  >
    <InjectIntl(Connect(InputSentence)) />
  </PanelCardBody>,
  Symbol(enzyme.__renderer__): Object {
    "batchedUpdates": [Function],
    "checkPropTypes": [Function],
    "getNode": [Function],
    "render": [Function],
    "simulateError": [Function],
    "simulateEvent": [Function],
    "unmount": [Function],
  },
  Symbol(enzyme.__node__): Object {
    "instance": null,
    "key": undefined,
    "nodeType": "function",
    "props": Object {
      "children": Array [
        <CardText
          tag="p"
        >
          日本語の文章を入力し、予測ボタンをクリックしてください。
        </CardText>,
        <InjectIntl(Connect(InputSentence)) />,
      ],
      "tag": "div",
    },
    "ref": null,
    "rendered": Array [
      Object {
        "instance": null,
        "key": undefined,
        "nodeType": "function",
        "props": Object {
          "children": "日本語の文章を入力し、予測ボタンをクリックしてください。",
          "tag": "p",
        },
        "ref": null,
        "rendered": "日本語の文章を入力し、予測ボタンをクリックしてください。",
        "type": [Function],
      },
      Object {
        "instance": null,
        "key": undefined,
        "nodeType": "class",
        "props": Object {},
        "ref": null,
        "rendered": null,
        "type": [Function],
      },
    ],
    "type": [Function],
  },
  Symbol(enzyme.__nodes__): Array [
    Object {
      "instance": null,
      "key": undefined,
      "nodeType": "function",
      "props": Object {
        "children": Array [
          <CardText
            tag="p"
          >
            日本語の文章を入力し、予測ボタンをクリックしてください。
          </CardText>,
          <InjectIntl(Connect(InputSentence)) />,
        ],
        "tag": "div",
      },
      "ref": null,
      "rendered": Array [
        Object {
          "instance": null,
          "key": undefined,
          "nodeType": "function",
          "props": Object {
            "children": "日本語の文章を入力し、予測ボタンをクリックしてください。",
            "tag": "p",
          },
          "ref": null,
          "rendered": "日本語の文章を入力し、予測ボタンをクリックしてください。",
          "type": [Function],
        },
        Object {
          "instance": null,
          "key": undefined,
          "nodeType": "class",
          "props": Object {},
          "ref": null,
          "rendered": null,
          "type": [Function],
        },
      ],
      "type": [Function],
    },
  ],
  Symbol(enzyme.__options__): Object {
    "adapter": ReactSixteenAdapter {
      "options": Object {
        "enableComponentDidUpdateOnSetState": true,
        "legacyContextMode": "parent",
        "lifecycles": Object {
          "componentDidUpdate": Object {
            "onSetState": true,
          },
          "getChildContext": Object {
            "calledByRenderer": false,
          },
          "getDerivedStateFromProps": true,
          "getSnapshotBeforeUpdate": true,
          "setState": Object {
            "skipsComponentDidUpdateOnNullish": true,
          },
        },
      },
    },
    "context": Object {
      "intl": Object {
        "defaultFormats": Object {},
        "defaultLocale": "en",
        "formatDate": [Function],
        "formatHTMLMessage": [Function],
        "formatMessage": [Function],
        "formatNumber": [Function],
        "formatPlural": [Function],
        "formatRelative": [Function],
        "formatTime": [Function],
        "formats": Object {},
        "formatters": Object {
          "getDateTimeFormat": [Function],
          "getMessageFormat": [Function],
          "getNumberFormat": [Function],
          "getPluralFormat": [Function],
          "getRelativeFormat": [Function],
        },
        "locale": "en",
        "messages": Object {
          "abstract.kyTea": "京都テキスト解析ツールキット",
          "candidate": "候補{no}",
          "description.input": "日本語の文章を入力し、予測ボタンをクリックしてください。",
          "description.kyTea": "日本語の文章中に存在する各単語の品詞や読みを予測するシステムです。",
          "description.result": "単語を選択すると、その単語の品詞や読みが表示されます。",
          "errorMessage.default": "エラーが発生しました: {message}",
          "errorMessage.predict": "予測中にエラーが発生しました: {message}",
          "header.candidate": "候補",
          "header.margin": "SVM平面からのマージン (読み)",
          "header.pos": "品詞",
          "header.pronunciation": "読み",
          "header.word": "単語",
          "predict": "予測",
          "title.description": "概要",
          "title.input": "入力",
          "title.result": "結果",
          "unknown": "(予測不能)",
        },
        "now": [Function],
        "onError": [Function],
        "textComponent": "span",
        "timeZone": null,
      },
    },
  },
}
`;
